
> mrsco-website@0.1.0 build
> next build

Γû▓ Next.js 16.1.4 (Turbopack)
- Experiments (use with caution):
  Γ£ô optimizeCss
  ┬╖ optimizePackageImports

  Creating an optimized production build ...
node.exe : 
At C:\Program Files\n
odejs\npm.ps1:29 
char:3
+   & $NODE_EXE 
$NPM_CLI_JS $args
+   ~~~~~~~~~~~~~~~~~
~~~~~~~~~~~~
    + CategoryInfo   
           : NotSpe  
  cified: (:String   
 ) [], RemoteExce    
ption
    + FullyQualified 
   ErrorId : Native  
  CommandError
 
> Build error 
occurred
Error: Turbopack 
build failed with 2 
errors:
./app/page.tsx:815:55
Parsing ecmascript 
source code failed
[0m [90m 813 
|[39m }[33m;[39m
 [90m 814 |[39m
[31m[1m>[22m[39m
[90m 815 |[39m 
[36mconst[39m 
[33mStatItem[39m 
[33m=[39m ({ 
value[33m,[39m 
label[33m,[39m 
gradient[33m,[39m 
delay }) 
[33m=>[39m (
 [90m     |[39m    
                     
                     
         
[31m[1m^[22m[39m
 [90m 816 |[39m   
[33m<[39m[33mmotion
[39m[33m.[39mdiv
 [90m 817 |[39m    
 
initial[33m=[39m{{ 
opacity[33m:[39m [
35m0[39m[33m,[39m 
scale[33m:[39m 
[35m0.95[39m }}
 [90m 818 |[39m    
 
animate[33m=[39m{{ 
opacity[33m:[39m [
35m1[39m[33m,[39m 
scale[33m:[39m 
[35m1[39m }}[0m

Unexpected token. 
Did you mean `{'>'}` 
or `&gt;`?


./app/page.tsx:813:1
Parsing ecmascript 
source code failed
[0m [90m 811 
|[39m     [33m<[39
m[33m/[39m[33mmoti
on[39m[33m.[39mdiv
[33m>[39m
 [90m 812 |[39m   
)[33m;[39m
[31m[1m>[22m[39m
[90m 813 |[39m 
}[33m;[39m
 [90m     |[39m 
[31m[1m^[22m[39m
 [90m 814 |[39m
 [90m 815 |[39m 
[36mconst[39m 
[33mStatItem[39m 
[33m=[39m ({ 
value[33m,[39m 
label[33m,[39m 
gradient[33m,[39m 
delay }) 
[33m=>[39m (
 [90m 816 |[39m   
[33m<[39m[33mmotion
[39m[33m.[39mdiv[
0m

Unexpected token. 
Did you mean `{'}'}` 
or `&rbrace;`?


    at <unknown> (./a
pp/page.tsx:815:55)
    at <unknown> (./a
pp/page.tsx:813:1)
